// Jest Snapshot v1, https://goo.gl/fbAQLP

exports[`Should MovieCards render correctly 1`] = `
<div
  className="catalog__movies-list"
>
  <article
    className="small-movie-card catalog__movies-card"
    onMouseEnter={[Function]}
    onMouseOut={[Function]}
  >
    <div
      className="small-movie-card__image"
      onClick={[Function]}
    >
      <video
        height={175}
        onMouseOut={[Function]}
        onMouseOver={[Function]}
        width={280}
      >
        Soory, your browser doesn't support video.
      </video>
    </div>
    <h3
      className="small-movie-card__title"
    >
      <a
        className="small-movie-card__link"
        href="movie-page.html"
        onClick={[Function]}
      >
        The Grand Budapest Hotel
      </a>
    </h3>
  </article>
  <article
    className="small-movie-card catalog__movies-card"
    onMouseEnter={[Function]}
    onMouseOut={[Function]}
  >
    <div
      className="small-movie-card__image"
      onClick={[Function]}
    >
      <video
        height={175}
        onMouseOut={[Function]}
        onMouseOver={[Function]}
        width={280}
      >
        Soory, your browser doesn't support video.
      </video>
    </div>
    <h3
      className="small-movie-card__title"
    >
      <a
        className="small-movie-card__link"
        href="movie-page.html"
        onClick={[Function]}
      >
        Терминатор
      </a>
    </h3>
  </article>
</div>
`;
